[thehaleef.com/index.html]
[backblue.gif]
[fade.gif]
[index.html]
[thehaleef.com/wp-content/themes/hello-elementor/assets/css/resetedb1.css]
[thehaleef.com/wp-content/themes/hello-elementor/assets/css/themeedb1.css]
[thehaleef.com/comments/feed/index.html]
[thehaleef.com/feed/index.html]
[thehaleef.com/wp-content/themes/hello-elementor/assets/css/header-footeredb1.css]
[thehaleef.com/wp-content/plugins/elementor/assets/css/frontend.min2801.css]
[thehaleef.com/wp-content/uploads/elementor/css/post-88c24.css]
[thehaleef.com/wp-content/plugins/elementor/assets/css/widget-image.min2801.css]
[thehaleef.com/wp-content/plugins/elementor/assets/lib/animations/styles/fadeIn.min2801.css]
[thehaleef.com/wp-content/plugins/elementor-pro/assets/css/widget-mega-menu.min2801.css]
[thehaleef.com/wp-content/plugins/elementor-pro/assets/css/modules/sticky.min2801.css]
[thehaleef.com/wp-content/plugins/elementor/assets/lib/animations/styles/e-animation-grow.min2801.css]
[thehaleef.com/wp-content/plugins/elementor/assets/lib/animations/styles/fadeInLeft.min2801.css]
[thehaleef.com/wp-content/plugins/elementor-pro/assets/css/widget-off-canvas.min2801.css]
[thehaleef.com/wp-content/plugins/elementor/assets/css/widget-heading.min2801.css]
[thehaleef.com/wp-content/plugins/elementor-pro/assets/css/widget-form.min2801.css]
[thehaleef.com/wp-content/plugins/elementor/assets/css/widget-icon-list.min2801.css]
[thehaleef.com/wp-content/plugins/elementor/assets/css/widget-social-icons.min2801.css]
[thehaleef.com/wp-content/plugins/elementor/assets/css/conditionals/apple-webkit.min2801.css]
[thehaleef.com/wp-content/plugins/elementor/assets/lib/font-awesome/css/all.min2801.css]
[thehaleef.com/wp-content/plugins/elementor/assets/lib/font-awesome/css/v4-shims.min2801.css]
[thehaleef.com/wp-content/plugins/sticky-header-effects-for-elementor/assets/css/she-header-styled5f7.css]
[thehaleef.com/wp-content/plugins/elementor-pro/assets/css/widget-animated-headline.min2801.css]
[thehaleef.com/wp-content/plugins/elementor/assets/lib/swiper/v8/css/swiper.min94a4.css]
[thehaleef.com/wp-content/plugins/elementor/assets/css/conditionals/e-swiper.min2801.css]
[thehaleef.com/wp-content/plugins/elementor/assets/css/widget-spacer.min2801.css]
[thehaleef.com/wp-content/plugins/elementor/assets/css/widget-image-carousel.min2801.css]
[thehaleef.com/wp-content/plugins/elementor/assets/css/widget-icon-box.min2801.css]
[thehaleef.com/wp-content/plugins/elementor/assets/lib/animations/styles/fadeInDown.min2801.css]
[thehaleef.com/wp-content/plugins/elementor/assets/lib/animations/styles/fadeInRight.min2801.css]
[thehaleef.com/wp-content/plugins/elementor/assets/lib/animations/styles/fadeInUp.min2801.css]
[thehaleef.com/wp-content/plugins/elementor/assets/lib/animations/styles/slideInUp.min2801.css]
[thehaleef.com/wp-content/plugins/elementor-pro/assets/css/widget-call-to-action.min2801.css]
[thehaleef.com/wp-content/plugins/elementor-pro/assets/css/conditionals/transitions.min2801.css]
[thehaleef.com/wp-content/plugins/elementor-pro/assets/css/widget-lottie.min2801.css]
[thehaleef.com/wp-content/plugins/elementor/assets/css/widget-nested-tabs.min2801.css]
[thehaleef.com/wp-content/plugins/elementor-pro/assets/css/modules/motion-fx.min2801.css]
[thehaleef.com/wp-content/plugins/elementor-pro/assets/css/widget-flip-box.min2801.css]
[thehaleef.com/wp-content/uploads/elementor/css/post-11587ef.css]
[thehaleef.com/wp-content/uploads/elementor/css/post-1587ef.css]
[thehaleef.com/wp-content/uploads/elementor/css/post-8487ef.css]
[thehaleef.com/wp-content/uploads/elementor/google-fonts/css/robotoslab5308.css]
[thehaleef.com/wp-content/uploads/elementor/google-fonts/css/roboto6db5.css]
[thehaleef.com/wp-content/uploads/elementor/google-fonts/css/archivo41e6.css]
[thehaleef.com/wp-content/uploads/elementor/google-fonts/css/montserratcfc1.css]
[thehaleef.com/wp-content/uploads/elementor/google-fonts/css/worksansa802.css]
[thehaleef.com/wp-includes/js/jquery/jquery.minf43b.js]
[thehaleef.com/wp-includes/js/jquery/jquery-migrate.min5589.js]
[thehaleef.com/wp-content/plugins/elementor/assets/lib/font-awesome/js/v4-shims.min2801.js]
[thehaleef.com/wp-content/plugins/sticky-header-effects-for-elementor/assets/js/she-headerd5f7.js]
[thehaleef.com/wp-json/wp/v2/pages/115.json]
[thehaleef.com/wp-json/index.html]
[thehaleef.com/xmlrpc0db0.php]
[thehaleef.com/wp-json/oembed/1.0/embed35e1.json]
[thehaleef.com/wp-json/oembed/1.0/embed0089]
[thehaleef.com/wp-content/uploads/2025/06/cropped-Haleef-low-quality-Logo-Square-32x32.webp]
[thehaleef.com/wp-content/uploads/2025/06/cropped-Haleef-low-quality-Logo-Square-192x192.webp]
[thehaleef.com/wp-content/uploads/2025/06/cropped-Haleef-low-quality-Logo-Square-180x180.webp]
[thehaleef.com/wp-content/uploads/2025/04/Haleef-Logo-website-scaled.webp]
[thehaleef.com/wp-content/uploads/2025/04/Haleef-Logo-White-1024x512.webp]
[thehaleef.com/contact-us/index.html]
[thehaleef.com/wp-content/uploads/2025/05/Haleef-Posters-ss96.gif]
[thehaleef.com/wp-content/uploads/2025/05/Partners-Logo_6-13122021.svg]
[thehaleef.com/wp-content/uploads/2025/05/Partners-Logo_3-13122021.svg]
[thehaleef.com/wp-content/uploads/2025/05/Partners-Logo_4-13122021-2.svg]
[thehaleef.com/wp-content/uploads/2025/05/Partners-Logo_1-13122021.svg]
[thehaleef.com/wp-content/uploads/2025/05/Partners-Logo_2-13122021-2.svg]
[thehaleef.com/wp-content/uploads/2025/05/Partners-Logo_5-13122021.svg]
[thehaleef.com/wp-content/uploads/2025/05/Square-poster-tt.gif]
[thehaleef.com/wp-content/uploads/2025/05/Square-poster-gf.gif]
[thehaleef.com/wp-content/uploads/2025/05/Square-poster-33.gif]
[thehaleef.com/wp-content/uploads/2025/05/Square-poster-99.gif]
[thehaleef.com/wp-content/uploads/2025/05/Contact-us-page-poster.gif]
[thehaleef.com/wp-content/uploads/2025/05/Contact-us-page-poster-2.gif]
[thehaleef.com/wp-content/uploads/2025/05/Test-2.gif]
[thehaleef.com/wp-content/uploads/2025/05/Haleef-Posters-2.gif]
[cdn.lordicon.com/lordicon.js]
[thehaleef.com/wp-content/uploads/2025/05/Haleef-Posters-4.gif]
[thehaleef.com/wp-content/uploads/2025/05/Haleef-Posters-h4.gif]
[thehaleef.com/wp-content/uploads/2025/05/Haleef-Posters-9s6.gif]
[thehaleef.com/wp-content/uploads/2025/05/Haleef-Posters-g65.gif]
[thehaleef.com/wp-content/uploads/2025/05/Haleef-Posters-tr5.gif]
[thehaleef.com/wp-content/uploads/2025/05/Haleef-Posters-65.gif]
[thehaleef.com/wp-content/plugins/country-code-field-for-elementor-form/assets/intl-tel-input/css/intlTelInput.min9484.css]
[thehaleef.com/wp-content/plugins/country-code-field-for-elementor-form/assets/css/country-code-style.min9484.css]
[thehaleef.com/wp-content/themes/hello-elementor/assets/js/hello-frontendedb1.js]
[thehaleef.com/wp-content/plugins/elementor/assets/js/webpack.runtime.min2801.js]
[thehaleef.com/wp-content/plugins/elementor/assets/js/frontend-modules.min2801.js]
[thehaleef.com/wp-includes/js/jquery/ui/core.minb37e.js]
[thehaleef.com/wp-content/plugins/elementor/assets/js/frontend.min2801.js]
[thehaleef.com/wp-content/plugins/elementor-pro/assets/lib/sticky/jquery.sticky.min2801.js]
[thehaleef.com/wp-content/plugins/elementor/assets/lib/swiper/v8/swiper.min94a4.js]
[thehaleef.com/wp-content/plugins/elementor-pro/assets/lib/lottie/lottie.min3f90.js]
[thehaleef.com/wp-content/plugins/elementor-pro/assets/js/webpack-pro.runtime.min2801.js]
[thehaleef.com/wp-includes/js/dist/hooks.min4fdd.js]
[thehaleef.com/wp-includes/js/dist/i18n.minc33c.js]
[thehaleef.com/wp-content/plugins/elementor-pro/assets/js/frontend.min2801.js]
[thehaleef.com/wp-content/plugins/elementor-pro/assets/js/elements-handlers.min2801.js]
[thehaleef.com/wp-content/plugins/country-code-field-for-elementor-form/assets/intl-tel-input/js/intlTelInput9484.js]
[thehaleef.com/wp-content/plugins/country-code-field-for-elementor-form/assets/js/country-code-script.min9484.js]
[thehaleef.com/wp-content/plugins/country-code-field-for-elementor-form/assets/js/country-code-script-hello.min9484.js]
[thehaleef.com/index.html]
[gmpg.org/xfn/11.html]
[thehaleef.com/wp-content/uploads/elementor/css/post-25060ea.css]
[thehaleef.com/wp-json/wp/v2/pages/250.json]
[thehaleef.com/wp-json/oembed/1.0/embedad84.json]
[thehaleef.com/wp-json/oembed/1.0/embed8500]
[thehaleef.com/wp-content/uploads/2025/05/Footer-1.gif]
[thehaleef.com/contact-us/index.html]
[gmpg.org/xfn/.html]
[gmpg.org/xfn/intro.html]
[gmpg.org/xfn/faq.html]
[thehaleef.com/indexc807.html]
[thehaleef.com/wp-json/index.html]
[thehaleef.com/wp-content/themes/hello-elementor/assets/css/resetedb1.css]
[thehaleef.com/wp-content/themes/hello-elementor/assets/css/themeedb1.css]
[thehaleef.com/wp-content/themes/hello-elementor/assets/css/header-footeredb1.css]
[thehaleef.com/wp-content/plugins/elementor/assets/css/frontend.min2801.css]
[thehaleef.com/wp-content/uploads/elementor/css/post-88c24.css]
[thehaleef.com/wp-content/plugins/elementor/assets/css/widget-image.min2801.css]
[thehaleef.com/wp-content/plugins/elementor/assets/lib/animations/styles/fadeIn.min2801.css]
[thehaleef.com/wp-content/plugins/elementor-pro/assets/css/widget-mega-menu.min2801.css]
[thehaleef.com/wp-content/plugins/elementor-pro/assets/css/modules/sticky.min2801.css]
[thehaleef.com/wp-content/plugins/elementor/assets/lib/animations/styles/e-animation-grow.min2801.css]
[thehaleef.com/wp-content/plugins/elementor/assets/lib/animations/styles/fadeInLeft.min2801.css]
[cdn.lordicon.com/lordicon.js]
[thehaleef.com/wp-content/plugins/elementor-pro/assets/css/widget-off-canvas.min2801.css]
[thehaleef.com/wp-content/plugins/elementor/assets/css/widget-heading.min2801.css]
[thehaleef.com/wp-content/plugins/elementor-pro/assets/css/widget-form.min2801.css]
[thehaleef.com/wp-content/plugins/elementor/assets/css/widget-icon-list.min2801.css]
[thehaleef.com/wp-content/plugins/elementor/assets/css/widget-social-icons.min2801.css]
[thehaleef.com/wp-content/plugins/elementor/assets/css/conditionals/apple-webkit.min2801.css]
[thehaleef.com/wp-content/plugins/elementor/assets/lib/font-awesome/webfonts/fa-brands-400.eot]
[thehaleef.com/wp-content/plugins/elementor/assets/lib/font-awesome/webfonts/fa-brands-400d41d.eot]
[thehaleef.com/wp-content/plugins/elementor/assets/lib/font-awesome/webfonts/fa-brands-400.woff2]
[thehaleef.com/wp-content/plugins/elementor/assets/lib/font-awesome/webfonts/fa-brands-400.woff]
[thehaleef.com/wp-content/plugins/elementor/assets/lib/font-awesome/webfonts/fa-brands-400.woff2]
[thehaleef.com/wp-content/plugins/elementor/assets/lib/font-awesome/webfonts/fa-brands-400.ttf]
[thehaleef.com/wp-content/plugins/elementor/assets/lib/font-awesome/webfonts/fa-brands-400.svg]
[thehaleef.com/wp-content/plugins/elementor/assets/lib/font-awesome/webfonts/fa-brands-400.woff]
[thehaleef.com/wp-content/plugins/elementor/assets/lib/font-awesome/webfonts/fa-brands-400.ttf]
[thehaleef.com/wp-content/plugins/elementor/assets/lib/font-awesome/webfonts/fa-regular-400.eot]
[thehaleef.com/wp-content/plugins/elementor/assets/lib/font-awesome/webfonts/fa-regular-400d41d.eot]
[thehaleef.com/wp-content/plugins/elementor/assets/lib/font-awesome/webfonts/fa-regular-400.woff2]
[thehaleef.com/wp-content/plugins/elementor/assets/lib/font-awesome/webfonts/fa-regular-400.woff]
[thehaleef.com/wp-content/plugins/elementor/assets/lib/font-awesome/webfonts/fa-regular-400.ttf]
[thehaleef.com/wp-content/plugins/elementor/assets/lib/font-awesome/webfonts/fa-regular-400.svg]
[thehaleef.com/wp-content/plugins/elementor/assets/lib/font-awesome/webfonts/fa-solid-900.eot]
[thehaleef.com/wp-content/plugins/elementor/assets/lib/font-awesome/webfonts/fa-solid-900d41d.eot]
[thehaleef.com/wp-content/plugins/elementor/assets/lib/font-awesome/webfonts/fa-solid-900.woff2]
[thehaleef.com/wp-content/plugins/elementor/assets/lib/font-awesome/css/all.min2801.css]
[thehaleef.com/wp-content/plugins/elementor/assets/lib/font-awesome/css/v4-shims.min2801.css]
[thehaleef.com/wp-content/plugins/sticky-header-effects-for-elementor/assets/css/she-header-styled5f7.css]
[thehaleef.com/wp-content/plugins/elementor-pro/assets/css/widget-animated-headline.min2801.css]
[thehaleef.com/wp-content/plugins/elementor/assets/lib/swiper/v8/css/swiper.min94a4.css]
[thehaleef.com/wp-content/plugins/elementor/assets/css/conditionals/e-swiper.min2801.css]
[thehaleef.com/wp-content/plugins/elementor/assets/css/widget-spacer.min2801.css]
[thehaleef.com/wp-content/plugins/elementor/assets/css/widget-image-carousel.min2801.css]
[thehaleef.com/wp-content/plugins/elementor/assets/css/widget-icon-box.min2801.css]
[thehaleef.com/wp-content/plugins/elementor/assets/lib/animations/styles/fadeInDown.min2801.css]
[thehaleef.com/wp-content/plugins/elementor/assets/lib/animations/styles/fadeInRight.min2801.css]
[thehaleef.com/wp-content/plugins/elementor/assets/lib/animations/styles/fadeInUp.min2801.css]
[thehaleef.com/wp-content/plugins/elementor/assets/lib/animations/styles/slideInUp.min2801.css]
[thehaleef.com/wp-content/plugins/elementor-pro/assets/css/widget-call-to-action.min2801.css]
[thehaleef.com/wp-content/plugins/elementor-pro/assets/css/conditionals/transitions.min2801.css]
[thehaleef.com/wp-content/plugins/elementor-pro/assets/css/widget-lottie.min2801.css]
[thehaleef.com/wp-content/plugins/elementor/assets/css/widget-nested-tabs.min2801.css]
[thehaleef.com/wp-content/plugins/elementor-pro/assets/css/modules/motion-fx.min2801.css]
[thehaleef.com/wp-content/plugins/elementor-pro/assets/css/widget-flip-box.min2801.css]
[thehaleef.com/wp-content/plugins/elementor/assets/lib/font-awesome/webfonts/fa-solid-900.woff]
[thehaleef.com/wp-content/plugins/elementor/assets/lib/font-awesome/webfonts/fa-solid-900.ttf]
[thehaleef.com/wp-content/plugins/elementor/assets/lib/font-awesome/webfonts/fa-solid-900.svg]
[thehaleef.com/wp-content/uploads/2025/05/638001.jpg]
[thehaleef.com/wp-content/uploads/2025/05/21509514231.jpg]
[thehaleef.com/wp-content/uploads/2025/05/63834.jpg]
[thehaleef.com/wp-content/uploads/2025/05/2151054185.jpg]
[thehaleef.com/wp-content/uploads/elementor/css/post-11587ef.css]
[thehaleef.com/wp-content/uploads/elementor/css/post-1587ef.css]
[thehaleef.com/wp-content/uploads/elementor/css/post-8487ef.css]
[thehaleef.com/wp-content/uploads/elementor/google-fonts/fonts/robotoslab-bngmuxzytxpivibgjjsb6ufa5qw54a.woff2]
[thehaleef.com/wp-content/uploads/elementor/google-fonts/fonts/robotoslab-bngmuxzytxpivibgjjsb6ufj5qw54a.woff2]
[thehaleef.com/wp-content/uploads/elementor/google-fonts/fonts/robotoslab-bngmuxzytxpivibgjjsb6ufb5qw54a.woff2]
[thehaleef.com/wp-content/uploads/elementor/google-fonts/fonts/robotoslab-bngmuxzytxpivibgjjsb6ufo5qw54a.woff2]
[thehaleef.com/wp-content/uploads/elementor/google-fonts/fonts/robotoslab-bngmuxzytxpivibgjjsb6ufc5qw54a.woff2]
[thehaleef.com/wp-content/uploads/elementor/google-fonts/fonts/robotoslab-bngmuxzytxpivibgjjsb6ufd5qw54a.woff2]
[thehaleef.com/wp-content/uploads/elementor/google-fonts/fonts/robotoslab-bngmuxzytxpivibgjjsb6ufn5qu.woff2]
[thehaleef.com/wp-content/uploads/elementor/google-fonts/css/robotoslab5308.css]
[thehaleef.com/wp-content/uploads/elementor/google-fonts/fonts/roboto-kfo5cnqeu92fr1mu53zec9_vu3r1gihoszmkc3kawzu.woff2]
[thehaleef.com/wp-content/uploads/elementor/google-fonts/fonts/roboto-kfo5cnqeu92fr1mu53zec9_vu3r1gihoszmkankawzu.woff2]
[thehaleef.com/wp-content/uploads/elementor/google-fonts/fonts/roboto-kfo5cnqeu92fr1mu53zec9_vu3r1gihoszmkcnkawzu.woff2]
[thehaleef.com/wp-content/uploads/elementor/google-fonts/fonts/roboto-kfo5cnqeu92fr1mu53zec9_vu3r1gihoszmkbxkawzu.woff2]
[thehaleef.com/wp-content/uploads/elementor/google-fonts/fonts/roboto-kfo5cnqeu92fr1mu53zec9_vu3r1gihoszmkenkawzu.woff2]
[thehaleef.com/wp-content/uploads/elementor/google-fonts/fonts/roboto-kfo5cnqeu92fr1mu53zec9_vu3r1gihoszmkahkawzu.woff2]
[thehaleef.com/wp-content/uploads/elementor/google-fonts/fonts/roboto-kfo5cnqeu92fr1mu53zec9_vu3r1gihoszmkcxkawzu.woff2]
[thehaleef.com/wp-content/uploads/elementor/google-fonts/fonts/roboto-kfo5cnqeu92fr1mu53zec9_vu3r1gihoszmkchkawzu.woff2]
[thehaleef.com/wp-content/uploads/elementor/google-fonts/fonts/roboto-kfo5cnqeu92fr1mu53zec9_vu3r1gihoszmkbnka.woff2]
[thehaleef.com/wp-content/uploads/elementor/google-fonts/fonts/roboto-kfo5cnqeu92fr1mu53zec9_vu3r1gihoszmkahkawzu.woff2]
[thehaleef.com/wp-content/uploads/elementor/google-fonts/fonts/roboto-kfo7cnqeu92fr1me7ksn66agldtyluama3gubgee.woff2]
[thehaleef.com/wp-content/uploads/elementor/google-fonts/fonts/roboto-kfo7cnqeu92fr1me7ksn66agldtyluama3iubgee.woff2]
[thehaleef.com/wp-content/uploads/elementor/google-fonts/fonts/roboto-kfo7cnqeu92fr1me7ksn66agldtyluama3cubgee.woff2]
[thehaleef.com/wp-content/uploads/elementor/google-fonts/fonts/roboto-kfo7cnqeu92fr1me7ksn66agldtyluama3-ubgee.woff2]
[thehaleef.com/wp-content/uploads/elementor/google-fonts/fonts/roboto-kfo7cnqeu92fr1me7ksn66agldtyluamawcubgee.woff2]
[thehaleef.com/wp-content/uploads/elementor/google-fonts/fonts/roboto-kfo7cnqeu92fr1me7ksn66agldtyluamaxkubgee.woff2]
[thehaleef.com/wp-content/uploads/elementor/google-fonts/fonts/roboto-kfo7cnqeu92fr1me7ksn66agldtyluama3oubgee.woff2]
[thehaleef.com/wp-content/uploads/elementor/google-fonts/fonts/roboto-kfo7cnqeu92fr1me7ksn66agldtyluama3kubgee.woff2]
[thehaleef.com/wp-content/uploads/elementor/google-fonts/css/roboto6db5.css]
[thehaleef.com/wp-content/uploads/elementor/google-fonts/fonts/archivo-k3kbo8udi-1m0wlsfdzyiekpwtm29hr-8mtycx-mulrm.woff2]
[thehaleef.com/wp-content/uploads/elementor/google-fonts/fonts/roboto-kfo7cnqeu92fr1me7ksn66agldtyluama3yuba.woff2]
[thehaleef.com/wp-content/uploads/elementor/google-fonts/fonts/archivo-k3kbo8udi-1m0wlsfdzyiekpwtm29hr-8mtycx6mulrm.woff2]
[thehaleef.com/wp-content/uploads/elementor/google-fonts/fonts/archivo-k3kbo8udi-1m0wlsfdzyiekpwtm29hr-8mtycxcmua.woff2]
[thehaleef.com/wp-content/uploads/elementor/google-fonts/fonts/archivo-k3kpo8udi-1m0wlsv9xaw6lqkqwy8q82slysoxk-va.woff2]
[thehaleef.com/wp-content/uploads/elementor/google-fonts/fonts/archivo-k3kpo8udi-1m0wlsv9xaw6lqkqwy8q82slytoxk-va.woff2]
[thehaleef.com/wp-content/uploads/elementor/google-fonts/fonts/archivo-k3kpo8udi-1m0wlsv9xaw6lqkqwy8q82slydoxi.woff2]
[thehaleef.com/wp-content/uploads/elementor/google-fonts/css/archivo41e6.css]
[thehaleef.com/wp-content/uploads/elementor/google-fonts/fonts/montserrat-jtuqjig1_i6t8kchkm459wxrxc7mw9c.woff2]
[thehaleef.com/wp-content/uploads/elementor/google-fonts/fonts/montserrat-jtuqjig1_i6t8kchkm459wxrzs7mw9c.woff2]
[thehaleef.com/wp-content/uploads/elementor/google-fonts/fonts/montserrat-jtuqjig1_i6t8kchkm459wxrxi7mw9c.woff2]
[thehaleef.com/wp-content/uploads/elementor/google-fonts/fonts/montserrat-jtuqjig1_i6t8kchkm459wxrxy7mw9c.woff2]
[thehaleef.com/wp-content/uploads/elementor/google-fonts/fonts/montserrat-jtuqjig1_i6t8kchkm459wxrys7m.woff2]
[thehaleef.com/wp-content/uploads/elementor/google-fonts/fonts/montserrat-jtusjig1_i6t8kchkm459wrhyzbi.woff2]
[thehaleef.com/wp-content/uploads/elementor/google-fonts/fonts/montserrat-jtusjig1_i6t8kchkm459w1hyzbi.woff2]
[thehaleef.com/wp-content/uploads/elementor/google-fonts/fonts/montserrat-jtusjig1_i6t8kchkm459wzhyzbi.woff2]
[thehaleef.com/wp-content/uploads/elementor/google-fonts/fonts/montserrat-jtusjig1_i6t8kchkm459wdhyzbi.woff2]
[thehaleef.com/wp-content/uploads/elementor/google-fonts/css/montserratcfc1.css]
[thehaleef.com/wp-content/uploads/elementor/google-fonts/fonts/montserrat-jtusjig1_i6t8kchkm459wlhyw.woff2]
[thehaleef.com/wp-content/uploads/elementor/google-fonts/fonts/worksans-qgyqz_wnahgadqq43rh_ezdkv_1w4a.woff2]
[thehaleef.com/wp-content/uploads/elementor/google-fonts/fonts/worksans-qgyqz_wnahgadqq43rh_ezdlv_1w4a.woff2]
[thehaleef.com/wp-content/uploads/elementor/google-fonts/fonts/worksans-qgyqz_wnahgadqq43rh_ezdrv_0.woff2]
[thehaleef.com/wp-content/uploads/elementor/google-fonts/fonts/worksans-qgysz_wnahgadqq43rh_c6dpp_k.woff2]
[thehaleef.com/wp-content/uploads/elementor/google-fonts/fonts/worksans-qgysz_wnahgadqq43rh_cqdpp_k.woff2]
[thehaleef.com/wp-content/uploads/elementor/google-fonts/css/worksansa802.css]
[thehaleef.com/wp-includes/js/jquery/jquery.minf43b.js]
[thehaleef.com/wp-includes/js/jquery/jquery-migrate.min5589.js]
[thehaleef.com/wp-content/plugins/elementor/assets/lib/font-awesome/js/v4-shims.min2801.js]
[thehaleef.com/wp-content/plugins/sticky-header-effects-for-elementor/assets/js/she-headerd5f7.js]
[thehaleef.com/wp-content/uploads/elementor/google-fonts/fonts/worksans-qgysz_wnahgadqq43rh_fkdp.woff2]
[thehaleef.com/wp-json/oembed/1.0/embed35e1.json]
[thehaleef.com/contact-us/index.html]
[thehaleef.com/wp-content/uploads/2025/05/Partners-Logo_6-13122021.svg]
[thehaleef.com/wp-content/uploads/2025/05/Partners-Logo_3-13122021.svg]
[thehaleef.com/wp-content/uploads/2025/05/Partners-Logo_4-13122021-2.svg]
[thehaleef.com/wp-content/uploads/2025/05/Partners-Logo_1-13122021.svg]
[thehaleef.com/wp-content/uploads/2025/05/Partners-Logo_2-13122021-2.svg]
[thehaleef.com/wp-content/uploads/2025/05/Partners-Logo_5-13122021.svg]
[thehaleef.com/wp-content/plugins/country-code-field-for-elementor-form/assets/intl-tel-input/img/flagsc4ca.png]
[thehaleef.com/wp-content/plugins/country-code-field-for-elementor-form/assets/intl-tel-input/img/flags@2xc4ca.png]
[thehaleef.com/wp-content/plugins/country-code-field-for-elementor-form/assets/intl-tel-input/img/globe.png]
[thehaleef.com/wp-content/plugins/country-code-field-for-elementor-form/assets/intl-tel-input/img/globe@2x.png]
[thehaleef.com/wp-content/plugins/country-code-field-for-elementor-form/assets/intl-tel-input/css/intlTelInput.min9484.css]
[thehaleef.com/wp-content/plugins/country-code-field-for-elementor-form/assets/css/country-code-style.min9484.css]
[thehaleef.com/wp-content/themes/hello-elementor/assets/js/hello-frontendedb1.js]
[thehaleef.com/wp-content/plugins/elementor/assets/js/webpack.runtime.min2801.js]
[thehaleef.com/wp-content/plugins/elementor/assets/js/frontend-modules.min2801.js]
[thehaleef.com/wp-includes/js/jquery/ui/core.minb37e.js]
[thehaleef.com/wp-content/plugins/elementor/assets/js/frontend.min2801.js]
[thehaleef.com/wp-content/plugins/elementor-pro/assets/lib/sticky/jquery.sticky.min2801.js]
[thehaleef.com/wp-content/plugins/elementor/assets/lib/swiper/v8/swiper.min94a4.js]
[thehaleef.com/wp-content/plugins/elementor-pro/assets/lib/lottie/lottie.min3f90.js]
[thehaleef.com/wp-content/plugins/elementor-pro/assets/js/webpack-pro.runtime.min2801.js]
[thehaleef.com/wp-includes/js/dist/hooks.min4fdd.js]
[thehaleef.com/wp-includes/js/dist/i18n.minc33c.js]
[thehaleef.com/wp-content/plugins/elementor-pro/assets/js/frontend.min2801.js]
[thehaleef.com/wp-content/plugins/elementor-pro/assets/js/elements-handlers.min2801.js]
[thehaleef.com/wp-content/plugins/country-code-field-for-elementor-form/assets/intl-tel-input/js/intlTelInput9484.js]
[thehaleef.com/wp-content/plugins/country-code-field-for-elementor-form/assets/js/country-code-script.min9484.js]
[thehaleef.com/wp-content/plugins/country-code-field-for-elementor-form/assets/js/country-code-script-hello.min9484.js]
[gmpg.org/xfn/default.css]
[thehaleef.com/wp-content/uploads/elementor/css/post-25060ea.css]
[thehaleef.com/wp-content/plugins/elementor/assets/lib/font-awesome/webfonts/fa-brands-400.svg]
[thehaleef.com/wp-content/plugins/elementor/assets/lib/font-awesome/webfonts/fa-regular-400.svg]
[thehaleef.com/wp-content/plugins/elementor/assets/lib/font-awesome/webfonts/fa-solid-900.svg]
[thehaleef.com/Trident/index.html]
[thehaleef.com/OPR/index.html]
[thehaleef.com/l.html]
[thehaleef.com/e.html]
[thehaleef.com/t.params.html]
[thehaleef.com/giItT1WQy@!-/index.html]
[thehaleef.com/images/index.html]
[thehaleef.com/GET.html]
[thehaleef.com/window.location.html]
[thehaleef.com/svgFlagPath.html]
